com\decisionhub\repository\UserRepository.class
com\decisionhub\mapper\ReportMapper.class
com\decisionhub\validator\CommunityValidator.class
com\decisionhub\repository\DecisionBoardRepository.class
com\decisionhub\dto\ForgotPasswordRequest.class
com\decisionhub\repository\NotificationRepository.class
com\decisionhub\dto\ComparisonScoreResponse.class
com\decisionhub\security\SecurityConfig.class
com\decisionhub\mapper\CommunityMapper.class
com\decisionhub\entity\DecisionOption$DecisionOptionBuilder.class
com\decisionhub\mapper\CategoryMapperImpl.class
com\decisionhub\entity\Report$ReportBuilder.class
com\decisionhub\entity\SavedDecision$SavedDecisionBuilder.class
com\decisionhub\dto\VoteResponse.class
com\decisionhub\repository\PasswordResetTokenRepository.class
com\decisionhub\repository\ComparisonScoreRepository.class
com\decisionhub\entity\CommunityMemberId.class
com\decisionhub\repository\SavedDecisionRepository.class
com\decisionhub\entity\DecisionVoter.class
com\decisionhub\dto\DecisionUpdateRequest.class
com\decisionhub\entity\ComparisonScore$ComparisonScoreBuilder.class
com\decisionhub\mapper\CommentMapper.class
com\decisionhub\entity\Attachment.class
com\decisionhub\mapper\ComparisonMapper.class
com\decisionhub\security\AuthenticationFacadeImpl.class
com\decisionhub\entity\OAuthAccount.class
com\decisionhub\security\CustomUserDetails.class
com\decisionhub\entity\RefreshToken.class
com\decisionhub\controller\CommunityController.class
com\decisionhub\entity\Category$CategoryBuilder.class
com\decisionhub\entity\CommentStatus.class
com\decisionhub\entity\AIRecommendationStatus.class
com\decisionhub\entity\SavedDecisionId.class
com\decisionhub\entity\Community$CommunityBuilder.class
com\decisionhub\repository\CategoryRepository.class
com\decisionhub\dto\InvitationResponse.class
com\decisionhub\entity\PermissionName.class
com\decisionhub\dto\DecisionResponse.class
com\decisionhub\exception\UnauthorizedException.class
com\decisionhub\security\CustomUserDetailsService.class
com\decisionhub\mapper\VoteMapper.class
com\decisionhub\service\impl\AuditServiceImpl.class
com\decisionhub\entity\Poll$PollBuilder.class
com\decisionhub\dto\UserUpdateRequest.class
com\decisionhub\entity\UserStatus.class
com\decisionhub\entity\AuditLog.class
com\decisionhub\entity\Tag.class
com\decisionhub\entity\Community.class
com\decisionhub\entity\BaseEntity.class
com\decisionhub\security\JwtAccessDeniedHandler.class
com\decisionhub\entity\ComparisonScore.class
com\decisionhub\entity\DecisionOption.class
com\decisionhub\entity\Poll.class
com\decisionhub\dto\ComparisonFactorResponse.class
com\decisionhub\entity\Role.class
com\decisionhub\exception\BusinessException.class
com\decisionhub\entity\User$UserBuilder.class
com\decisionhub\entity\VotingType.class
com\decisionhub\service\AuthenticationService.class
com\decisionhub\dto\CommentResponse.class
com\decisionhub\exception\ResourceNotFoundException.class
com\decisionhub\entity\ReportFormat.class
com\decisionhub\config\OpenApiConfig.class
com\decisionhub\entity\Attachment$AttachmentBuilder.class
com\decisionhub\entity\NotificationType.class
com\decisionhub\repository\DecisionHistoryRepository.class
com\decisionhub\controller\AuthController.class
com\decisionhub\repository\TagRepository.class
com\decisionhub\mapper\ReportMapperImpl.class
com\decisionhub\mapper\UserMapperImpl.class
com\decisionhub\repository\ReportRepository.class
com\decisionhub\entity\ComparisonFactor$ComparisonFactorBuilder.class
com\decisionhub\mapper\AiRecommendationMapper.class
com\decisionhub\entity\DecisionVoter$DecisionVoterBuilder.class
com\decisionhub\entity\Invitation$InvitationBuilder.class
com\decisionhub\dto\ComparisonScoreRequest.class
com\decisionhub\mapper\CommunityMapperImpl.class
com\decisionhub\dto\PollRequest.class
com\decisionhub\entity\RefreshToken$RefreshTokenBuilder.class
com\decisionhub\dto\CategoryRequest.class
com\decisionhub\entity\AIRecommendation.class
com\decisionhub\mapper\DecisionMapperImpl.class
com\decisionhub\dto\CommunityResponse.class
com\decisionhub\security\JwtAuthenticationEntryPoint.class
com\decisionhub\repository\AttachmentRepository.class
com\decisionhub\entity\CommunityRole.class
com\decisionhub\mapper\InvitationMapper.class
com\decisionhub\entity\Comment.class
com\decisionhub\entity\Notification$NotificationBuilder.class
com\decisionhub\mapper\UserMapper.class
com\decisionhub\entity\SavedDecision.class
com\decisionhub\mapper\CommunityMemberMapper.class
com\decisionhub\dto\CategoryResponse.class
com\decisionhub\exception\GlobalExceptionHandler.class
com\decisionhub\mapper\VoteMapperImpl.class
com\decisionhub\dto\OptionCreateDto.class
com\decisionhub\dto\CriteriaDto.class
com\decisionhub\entity\EventStatus.class
com\decisionhub\entity\FileType.class
com\decisionhub\exception\ConflictException.class
com\decisionhub\service\impl\CommunityServiceImpl.class
com\decisionhub\dto\CommentRequest.class
com\decisionhub\security\AuthenticationFacade.class
com\decisionhub\dto\OptionResponseDto.class
com\decisionhub\security\JwtTokenProvider.class
com\decisionhub\dto\ErrorResponse.class
com\decisionhub\exception\ForbiddenException.class
com\decisionhub\entity\AuditLog$AuditLogBuilder.class
com\decisionhub\entity\DecisionHistory.class
com\decisionhub\config\JacksonConfig.class
com\decisionhub\repository\CommunityRepository.class
com\decisionhub\entity\AnonymityType.class
com\decisionhub\service\CommunityService.class
com\decisionhub\entity\Vote.class
com\decisionhub\repository\PollRepository.class
com\decisionhub\security\JwtAuthenticationFilter.class
com\decisionhub\service\impl\DecisionServiceImpl.class
com\decisionhub\entity\DecisionVisibility.class
com\decisionhub\dto\UserSummaryDto.class
com\decisionhub\repository\CommentRepository.class
com\decisionhub\entity\ComparisonScoreId.class
com\decisionhub\controller\DecisionController.class
com\decisionhub\security\CustomPermissionEvaluator.class
com\decisionhub\entity\User.class
com\decisionhub\dto\PollResponse.class
com\decisionhub\entity\DecisionBoard$DecisionBoardBuilder.class
com\decisionhub\entity\Vote$VoteBuilder.class
com\decisionhub\dto\DecisionSearchDto.class
com\decisionhub\entity\OAuthAccount$OAuthAccountBuilder.class
com\decisionhub\entity\Invitation.class
com\decisionhub\dto\ComparisonFactorRequest.class
com\decisionhub\entity\CommunityMember.class
com\decisionhub\mapper\CommunityMemberMapperImpl.class
com\decisionhub\validator\DecisionValidator.class
com\decisionhub\dto\ResetPasswordRequest.class
com\decisionhub\repository\RoleRepository.class
com\decisionhub\exception\BadRequestException.class
com\decisionhub\entity\Category.class
com\decisionhub\mapper\ComparisonMapperImpl.class
com\decisionhub\entity\OptionCriteria.class
com\decisionhub\repository\RefreshTokenRepository.class
com\decisionhub\dto\UserLoginRequest.class
com\decisionhub\repository\OptionCriteriaRepository.class
com\decisionhub\entity\Permission$PermissionBuilder.class
com\decisionhub\dto\UserRegisterRequest.class
com\decisionhub\dto\ReportResponse.class
com\decisionhub\entity\Comment$CommentBuilder.class
com\decisionhub\service\EmailService.class
com\decisionhub\mapper\PollMapperImpl.class
com\decisionhub\repository\PermissionRepository.class
com\decisionhub\entity\Event$EventBuilder.class
com\decisionhub\service\AuditService.class
com\decisionhub\dto\CommunityRequest.class
com\decisionhub\dto\ErrorResponse$ValidationError.class
com\decisionhub\entity\DecisionVoterId.class
com\decisionhub\entity\DecisionBoard.class
com\decisionhub\dto\DecisionRequest.class
com\decisionhub\dto\DecisionSummaryDto.class
com\decisionhub\mapper\CommentMapperImpl.class
com\decisionhub\entity\RoleName.class
com\decisionhub\security\PasswordEncoderConfig.class
com\decisionhub\repository\DecisionVoterRepository.class
com\decisionhub\dto\VoteRequest.class
com\decisionhub\entity\Permission.class
com\decisionhub\security\CorsConfig.class
com\decisionhub\entity\DecisionHistory$DecisionHistoryBuilder.class
com\decisionhub\repository\EventRepository.class
com\decisionhub\repository\DecisionOptionRepository.class
com\decisionhub\entity\PasswordResetToken$PasswordResetTokenBuilder.class
com\decisionhub\mapper\CategoryMapper.class
com\decisionhub\entity\PasswordResetToken.class
com\decisionhub\dto\ReportRequest.class
com\decisionhub\entity\CommunityMember$CommunityMemberBuilder.class
com\decisionhub\entity\InvitationStatus.class
com\decisionhub\entity\Role$RoleBuilder.class
com\decisionhub\service\impl\EmailServiceImpl.class
com\decisionhub\repository\AIRecommendationRepository.class
com\decisionhub\entity\OptionCriteria$OptionCriteriaBuilder.class
com\decisionhub\DecisionHubApplication.class
com\decisionhub\repository\OAuthAccountRepository.class
com\decisionhub\mapper\InvitationMapperImpl.class
com\decisionhub\security\SecurityUtils.class
com\decisionhub\mapper\DecisionMapper.class
com\decisionhub\repository\VoteRepository.class
com\decisionhub\dto\AuthTokenResponse.class
com\decisionhub\entity\Notification.class
com\decisionhub\mapper\PollMapper.class
com\decisionhub\entity\Report.class
com\decisionhub\dto\AiRecommendationResponse.class
com\decisionhub\repository\ComparisonFactorRepository.class
com\decisionhub\dto\CommunityMemberResponse.class
com\decisionhub\dto\InvitationRequest.class
com\decisionhub\repository\InvitationRepository.class
com\decisionhub\mapper\AiRecommendationMapperImpl.class
com\decisionhub\entity\CommunityStatus.class
com\decisionhub\dto\TokenRefreshRequest.class
com\decisionhub\entity\ComparisonFactor.class
com\decisionhub\entity\Tag$TagBuilder.class
com\decisionhub\dto\UserResponse.class
com\decisionhub\entity\Event.class
com\decisionhub\repository\CommunityMemberRepository.class
com\decisionhub\repository\AuditLogRepository.class
com\decisionhub\security\DecisionAuthorizationServiceImpl.class
com\decisionhub\entity\AIRecommendation$AIRecommendationBuilder.class
com\decisionhub\security\DecisionAuthorizationService.class
com\decisionhub\service\DecisionService.class
com\decisionhub\dto\PageResponse.class
com\decisionhub\entity\DecisionType.class
com\decisionhub\security\SecurityProperties.class
com\decisionhub\entity\DecisionStatus.class
com\decisionhub\service\impl\AuthenticationServiceImpl.class
