C:\Users\sreeram\OneDrive\Desktop\sweets\src\main\java\com\decisionhub\config\JacksonConfig.java
C:\Users\sreeram\OneDrive\Desktop\sweets\src\main\java\com\decisionhub\config\OpenApiConfig.java
C:\Users\sreeram\OneDrive\Desktop\sweets\src\main\java\com\decisionhub\controller\AuthController.java
C:\Users\sreeram\OneDrive\Desktop\sweets\src\main\java\com\decisionhub\controller\CommunityController.java
C:\Users\sreeram\OneDrive\Desktop\sweets\src\main\java\com\decisionhub\controller\DecisionController.java
C:\Users\sreeram\OneDrive\Desktop\sweets\src\main\java\com\decisionhub\DecisionHubApplication.java
C:\Users\sreeram\OneDrive\Desktop\sweets\src\main\java\com\decisionhub\dto\AiRecommendationResponse.java
C:\Users\sreeram\OneDrive\Desktop\sweets\src\main\java\com\decisionhub\dto\AuthTokenResponse.java
C:\Users\sreeram\OneDrive\Desktop\sweets\src\main\java\com\decisionhub\dto\CategoryRequest.java
C:\Users\sreeram\OneDrive\Desktop\sweets\src\main\java\com\decisionhub\dto\CategoryResponse.java
C:\Users\sreeram\OneDrive\Desktop\sweets\src\main\java\com\decisionhub\dto\CommentRequest.java
C:\Users\sreeram\OneDrive\Desktop\sweets\src\main\java\com\decisionhub\dto\CommentResponse.java
C:\Users\sreeram\OneDrive\Desktop\sweets\src\main\java\com\decisionhub\dto\CommunityMemberResponse.java
C:\Users\sreeram\OneDrive\Desktop\sweets\src\main\java\com\decisionhub\dto\CommunityRequest.java
C:\Users\sreeram\OneDrive\Desktop\sweets\src\main\java\com\decisionhub\dto\CommunityResponse.java
C:\Users\sreeram\OneDrive\Desktop\sweets\src\main\java\com\decisionhub\dto\ComparisonFactorRequest.java
C:\Users\sreeram\OneDrive\Desktop\sweets\src\main\java\com\decisionhub\dto\ComparisonFactorResponse.java
C:\Users\sreeram\OneDrive\Desktop\sweets\src\main\java\com\decisionhub\dto\ComparisonScoreRequest.java
C:\Users\sreeram\OneDrive\Desktop\sweets\src\main\java\com\decisionhub\dto\ComparisonScoreResponse.java
C:\Users\sreeram\OneDrive\Desktop\sweets\src\main\java\com\decisionhub\dto\CriteriaDto.java
C:\Users\sreeram\OneDrive\Desktop\sweets\src\main\java\com\decisionhub\dto\DecisionRequest.java
C:\Users\sreeram\OneDrive\Desktop\sweets\src\main\java\com\decisionhub\dto\DecisionResponse.java
C:\Users\sreeram\OneDrive\Desktop\sweets\src\main\java\com\decisionhub\dto\DecisionSearchDto.java
C:\Users\sreeram\OneDrive\Desktop\sweets\src\main\java\com\decisionhub\dto\DecisionSummaryDto.java
C:\Users\sreeram\OneDrive\Desktop\sweets\src\main\java\com\decisionhub\dto\DecisionUpdateRequest.java
C:\Users\sreeram\OneDrive\Desktop\sweets\src\main\java\com\decisionhub\dto\ErrorResponse.java
C:\Users\sreeram\OneDrive\Desktop\sweets\src\main\java\com\decisionhub\dto\ForgotPasswordRequest.java
C:\Users\sreeram\OneDrive\Desktop\sweets\src\main\java\com\decisionhub\dto\InvitationRequest.java
C:\Users\sreeram\OneDrive\Desktop\sweets\src\main\java\com\decisionhub\dto\InvitationResponse.java
C:\Users\sreeram\OneDrive\Desktop\sweets\src\main\java\com\decisionhub\dto\OptionCreateDto.java
C:\Users\sreeram\OneDrive\Desktop\sweets\src\main\java\com\decisionhub\dto\OptionResponseDto.java
C:\Users\sreeram\OneDrive\Desktop\sweets\src\main\java\com\decisionhub\dto\PageResponse.java
C:\Users\sreeram\OneDrive\Desktop\sweets\src\main\java\com\decisionhub\dto\PollRequest.java
C:\Users\sreeram\OneDrive\Desktop\sweets\src\main\java\com\decisionhub\dto\PollResponse.java
C:\Users\sreeram\OneDrive\Desktop\sweets\src\main\java\com\decisionhub\dto\ReportRequest.java
C:\Users\sreeram\OneDrive\Desktop\sweets\src\main\java\com\decisionhub\dto\ReportResponse.java
C:\Users\sreeram\OneDrive\Desktop\sweets\src\main\java\com\decisionhub\dto\ResetPasswordRequest.java
C:\Users\sreeram\OneDrive\Desktop\sweets\src\main\java\com\decisionhub\dto\TokenRefreshRequest.java
C:\Users\sreeram\OneDrive\Desktop\sweets\src\main\java\com\decisionhub\dto\UserLoginRequest.java
C:\Users\sreeram\OneDrive\Desktop\sweets\src\main\java\com\decisionhub\dto\UserRegisterRequest.java
C:\Users\sreeram\OneDrive\Desktop\sweets\src\main\java\com\decisionhub\dto\UserResponse.java
C:\Users\sreeram\OneDrive\Desktop\sweets\src\main\java\com\decisionhub\dto\UserSummaryDto.java
C:\Users\sreeram\OneDrive\Desktop\sweets\src\main\java\com\decisionhub\dto\UserUpdateRequest.java
C:\Users\sreeram\OneDrive\Desktop\sweets\src\main\java\com\decisionhub\dto\VoteRequest.java
C:\Users\sreeram\OneDrive\Desktop\sweets\src\main\java\com\decisionhub\dto\VoteResponse.java
C:\Users\sreeram\OneDrive\Desktop\sweets\src\main\java\com\decisionhub\entity\AIRecommendation.java
C:\Users\sreeram\OneDrive\Desktop\sweets\src\main\java\com\decisionhub\entity\AIRecommendationStatus.java
C:\Users\sreeram\OneDrive\Desktop\sweets\src\main\java\com\decisionhub\entity\AnonymityType.java
C:\Users\sreeram\OneDrive\Desktop\sweets\src\main\java\com\decisionhub\entity\Attachment.java
C:\Users\sreeram\OneDrive\Desktop\sweets\src\main\java\com\decisionhub\entity\AuditLog.java
C:\Users\sreeram\OneDrive\Desktop\sweets\src\main\java\com\decisionhub\entity\BaseEntity.java
C:\Users\sreeram\OneDrive\Desktop\sweets\src\main\java\com\decisionhub\entity\Category.java
C:\Users\sreeram\OneDrive\Desktop\sweets\src\main\java\com\decisionhub\entity\Comment.java
C:\Users\sreeram\OneDrive\Desktop\sweets\src\main\java\com\decisionhub\entity\CommentStatus.java
C:\Users\sreeram\OneDrive\Desktop\sweets\src\main\java\com\decisionhub\entity\Community.java
C:\Users\sreeram\OneDrive\Desktop\sweets\src\main\java\com\decisionhub\entity\CommunityMember.java
C:\Users\sreeram\OneDrive\Desktop\sweets\src\main\java\com\decisionhub\entity\CommunityMemberId.java
C:\Users\sreeram\OneDrive\Desktop\sweets\src\main\java\com\decisionhub\entity\CommunityRole.java
C:\Users\sreeram\OneDrive\Desktop\sweets\src\main\java\com\decisionhub\entity\CommunityStatus.java
C:\Users\sreeram\OneDrive\Desktop\sweets\src\main\java\com\decisionhub\entity\ComparisonFactor.java
C:\Users\sreeram\OneDrive\Desktop\sweets\src\main\java\com\decisionhub\entity\ComparisonScore.java
C:\Users\sreeram\OneDrive\Desktop\sweets\src\main\java\com\decisionhub\entity\ComparisonScoreId.java
C:\Users\sreeram\OneDrive\Desktop\sweets\src\main\java\com\decisionhub\entity\DecisionBoard.java
C:\Users\sreeram\OneDrive\Desktop\sweets\src\main\java\com\decisionhub\entity\DecisionHistory.java
C:\Users\sreeram\OneDrive\Desktop\sweets\src\main\java\com\decisionhub\entity\DecisionOption.java
C:\Users\sreeram\OneDrive\Desktop\sweets\src\main\java\com\decisionhub\entity\DecisionStatus.java
C:\Users\sreeram\OneDrive\Desktop\sweets\src\main\java\com\decisionhub\entity\DecisionType.java
C:\Users\sreeram\OneDrive\Desktop\sweets\src\main\java\com\decisionhub\entity\DecisionVisibility.java
C:\Users\sreeram\OneDrive\Desktop\sweets\src\main\java\com\decisionhub\entity\DecisionVoter.java
C:\Users\sreeram\OneDrive\Desktop\sweets\src\main\java\com\decisionhub\entity\DecisionVoterId.java
C:\Users\sreeram\OneDrive\Desktop\sweets\src\main\java\com\decisionhub\entity\Event.java
C:\Users\sreeram\OneDrive\Desktop\sweets\src\main\java\com\decisionhub\entity\EventStatus.java
C:\Users\sreeram\OneDrive\Desktop\sweets\src\main\java\com\decisionhub\entity\FileType.java
C:\Users\sreeram\OneDrive\Desktop\sweets\src\main\java\com\decisionhub\entity\Invitation.java
C:\Users\sreeram\OneDrive\Desktop\sweets\src\main\java\com\decisionhub\entity\InvitationStatus.java
C:\Users\sreeram\OneDrive\Desktop\sweets\src\main\java\com\decisionhub\entity\Notification.java
C:\Users\sreeram\OneDrive\Desktop\sweets\src\main\java\com\decisionhub\entity\NotificationType.java
C:\Users\sreeram\OneDrive\Desktop\sweets\src\main\java\com\decisionhub\entity\OAuthAccount.java
C:\Users\sreeram\OneDrive\Desktop\sweets\src\main\java\com\decisionhub\entity\OptionCriteria.java
C:\Users\sreeram\OneDrive\Desktop\sweets\src\main\java\com\decisionhub\entity\PasswordResetToken.java
C:\Users\sreeram\OneDrive\Desktop\sweets\src\main\java\com\decisionhub\entity\Permission.java
C:\Users\sreeram\OneDrive\Desktop\sweets\src\main\java\com\decisionhub\entity\PermissionName.java
C:\Users\sreeram\OneDrive\Desktop\sweets\src\main\java\com\decisionhub\entity\Poll.java
C:\Users\sreeram\OneDrive\Desktop\sweets\src\main\java\com\decisionhub\entity\RefreshToken.java
C:\Users\sreeram\OneDrive\Desktop\sweets\src\main\java\com\decisionhub\entity\Report.java
C:\Users\sreeram\OneDrive\Desktop\sweets\src\main\java\com\decisionhub\entity\ReportFormat.java
C:\Users\sreeram\OneDrive\Desktop\sweets\src\main\java\com\decisionhub\entity\Role.java
C:\Users\sreeram\OneDrive\Desktop\sweets\src\main\java\com\decisionhub\entity\RoleName.java
C:\Users\sreeram\OneDrive\Desktop\sweets\src\main\java\com\decisionhub\entity\SavedDecision.java
C:\Users\sreeram\OneDrive\Desktop\sweets\src\main\java\com\decisionhub\entity\SavedDecisionId.java
C:\Users\sreeram\OneDrive\Desktop\sweets\src\main\java\com\decisionhub\entity\Tag.java
C:\Users\sreeram\OneDrive\Desktop\sweets\src\main\java\com\decisionhub\entity\User.java
C:\Users\sreeram\OneDrive\Desktop\sweets\src\main\java\com\decisionhub\entity\UserStatus.java
C:\Users\sreeram\OneDrive\Desktop\sweets\src\main\java\com\decisionhub\entity\Vote.java
C:\Users\sreeram\OneDrive\Desktop\sweets\src\main\java\com\decisionhub\entity\VotingType.java
C:\Users\sreeram\OneDrive\Desktop\sweets\src\main\java\com\decisionhub\exception\BadRequestException.java
C:\Users\sreeram\OneDrive\Desktop\sweets\src\main\java\com\decisionhub\exception\BusinessException.java
C:\Users\sreeram\OneDrive\Desktop\sweets\src\main\java\com\decisionhub\exception\ConflictException.java
C:\Users\sreeram\OneDrive\Desktop\sweets\src\main\java\com\decisionhub\exception\ForbiddenException.java
C:\Users\sreeram\OneDrive\Desktop\sweets\src\main\java\com\decisionhub\exception\GlobalExceptionHandler.java
C:\Users\sreeram\OneDrive\Desktop\sweets\src\main\java\com\decisionhub\exception\ResourceNotFoundException.java
C:\Users\sreeram\OneDrive\Desktop\sweets\src\main\java\com\decisionhub\exception\UnauthorizedException.java
C:\Users\sreeram\OneDrive\Desktop\sweets\src\main\java\com\decisionhub\mapper\AiRecommendationMapper.java
C:\Users\sreeram\OneDrive\Desktop\sweets\src\main\java\com\decisionhub\mapper\CategoryMapper.java
C:\Users\sreeram\OneDrive\Desktop\sweets\src\main\java\com\decisionhub\mapper\CommentMapper.java
C:\Users\sreeram\OneDrive\Desktop\sweets\src\main\java\com\decisionhub\mapper\CommunityMapper.java
C:\Users\sreeram\OneDrive\Desktop\sweets\src\main\java\com\decisionhub\mapper\CommunityMemberMapper.java
C:\Users\sreeram\OneDrive\Desktop\sweets\src\main\java\com\decisionhub\mapper\ComparisonMapper.java
C:\Users\sreeram\OneDrive\Desktop\sweets\src\main\java\com\decisionhub\mapper\DecisionMapper.java
C:\Users\sreeram\OneDrive\Desktop\sweets\src\main\java\com\decisionhub\mapper\InvitationMapper.java
C:\Users\sreeram\OneDrive\Desktop\sweets\src\main\java\com\decisionhub\mapper\PollMapper.java
C:\Users\sreeram\OneDrive\Desktop\sweets\src\main\java\com\decisionhub\mapper\ReportMapper.java
C:\Users\sreeram\OneDrive\Desktop\sweets\src\main\java\com\decisionhub\mapper\UserMapper.java
C:\Users\sreeram\OneDrive\Desktop\sweets\src\main\java\com\decisionhub\mapper\VoteMapper.java
C:\Users\sreeram\OneDrive\Desktop\sweets\src\main\java\com\decisionhub\repository\AIRecommendationRepository.java
C:\Users\sreeram\OneDrive\Desktop\sweets\src\main\java\com\decisionhub\repository\AttachmentRepository.java
C:\Users\sreeram\OneDrive\Desktop\sweets\src\main\java\com\decisionhub\repository\AuditLogRepository.java
C:\Users\sreeram\OneDrive\Desktop\sweets\src\main\java\com\decisionhub\repository\CategoryRepository.java
C:\Users\sreeram\OneDrive\Desktop\sweets\src\main\java\com\decisionhub\repository\CommentRepository.java
C:\Users\sreeram\OneDrive\Desktop\sweets\src\main\java\com\decisionhub\repository\CommunityMemberRepository.java
C:\Users\sreeram\OneDrive\Desktop\sweets\src\main\java\com\decisionhub\repository\CommunityRepository.java
C:\Users\sreeram\OneDrive\Desktop\sweets\src\main\java\com\decisionhub\repository\ComparisonFactorRepository.java
C:\Users\sreeram\OneDrive\Desktop\sweets\src\main\java\com\decisionhub\repository\ComparisonScoreRepository.java
C:\Users\sreeram\OneDrive\Desktop\sweets\src\main\java\com\decisionhub\repository\DecisionBoardRepository.java
C:\Users\sreeram\OneDrive\Desktop\sweets\src\main\java\com\decisionhub\repository\DecisionHistoryRepository.java
C:\Users\sreeram\OneDrive\Desktop\sweets\src\main\java\com\decisionhub\repository\DecisionOptionRepository.java
C:\Users\sreeram\OneDrive\Desktop\sweets\src\main\java\com\decisionhub\repository\DecisionVoterRepository.java
C:\Users\sreeram\OneDrive\Desktop\sweets\src\main\java\com\decisionhub\repository\EventRepository.java
C:\Users\sreeram\OneDrive\Desktop\sweets\src\main\java\com\decisionhub\repository\InvitationRepository.java
C:\Users\sreeram\OneDrive\Desktop\sweets\src\main\java\com\decisionhub\repository\NotificationRepository.java
C:\Users\sreeram\OneDrive\Desktop\sweets\src\main\java\com\decisionhub\repository\OAuthAccountRepository.java
C:\Users\sreeram\OneDrive\Desktop\sweets\src\main\java\com\decisionhub\repository\OptionCriteriaRepository.java
C:\Users\sreeram\OneDrive\Desktop\sweets\src\main\java\com\decisionhub\repository\PasswordResetTokenRepository.java
C:\Users\sreeram\OneDrive\Desktop\sweets\src\main\java\com\decisionhub\repository\PermissionRepository.java
C:\Users\sreeram\OneDrive\Desktop\sweets\src\main\java\com\decisionhub\repository\PollRepository.java
C:\Users\sreeram\OneDrive\Desktop\sweets\src\main\java\com\decisionhub\repository\RefreshTokenRepository.java
C:\Users\sreeram\OneDrive\Desktop\sweets\src\main\java\com\decisionhub\repository\ReportRepository.java
C:\Users\sreeram\OneDrive\Desktop\sweets\src\main\java\com\decisionhub\repository\RoleRepository.java
C:\Users\sreeram\OneDrive\Desktop\sweets\src\main\java\com\decisionhub\repository\SavedDecisionRepository.java
C:\Users\sreeram\OneDrive\Desktop\sweets\src\main\java\com\decisionhub\repository\TagRepository.java
C:\Users\sreeram\OneDrive\Desktop\sweets\src\main\java\com\decisionhub\repository\UserRepository.java
C:\Users\sreeram\OneDrive\Desktop\sweets\src\main\java\com\decisionhub\repository\VoteRepository.java
C:\Users\sreeram\OneDrive\Desktop\sweets\src\main\java\com\decisionhub\security\AuthenticationFacade.java
C:\Users\sreeram\OneDrive\Desktop\sweets\src\main\java\com\decisionhub\security\AuthenticationFacadeImpl.java
C:\Users\sreeram\OneDrive\Desktop\sweets\src\main\java\com\decisionhub\security\CorsConfig.java
C:\Users\sreeram\OneDrive\Desktop\sweets\src\main\java\com\decisionhub\security\CustomPermissionEvaluator.java
C:\Users\sreeram\OneDrive\Desktop\sweets\src\main\java\com\decisionhub\security\CustomUserDetails.java
C:\Users\sreeram\OneDrive\Desktop\sweets\src\main\java\com\decisionhub\security\CustomUserDetailsService.java
C:\Users\sreeram\OneDrive\Desktop\sweets\src\main\java\com\decisionhub\security\DecisionAuthorizationService.java
C:\Users\sreeram\OneDrive\Desktop\sweets\src\main\java\com\decisionhub\security\DecisionAuthorizationServiceImpl.java
C:\Users\sreeram\OneDrive\Desktop\sweets\src\main\java\com\decisionhub\security\JwtAccessDeniedHandler.java
C:\Users\sreeram\OneDrive\Desktop\sweets\src\main\java\com\decisionhub\security\JwtAuthenticationEntryPoint.java
C:\Users\sreeram\OneDrive\Desktop\sweets\src\main\java\com\decisionhub\security\JwtAuthenticationFilter.java
C:\Users\sreeram\OneDrive\Desktop\sweets\src\main\java\com\decisionhub\security\JwtTokenProvider.java
C:\Users\sreeram\OneDrive\Desktop\sweets\src\main\java\com\decisionhub\security\PasswordEncoderConfig.java
C:\Users\sreeram\OneDrive\Desktop\sweets\src\main\java\com\decisionhub\security\SecurityConfig.java
C:\Users\sreeram\OneDrive\Desktop\sweets\src\main\java\com\decisionhub\security\SecurityProperties.java
C:\Users\sreeram\OneDrive\Desktop\sweets\src\main\java\com\decisionhub\security\SecurityUtils.java
C:\Users\sreeram\OneDrive\Desktop\sweets\src\main\java\com\decisionhub\service\AuditService.java
C:\Users\sreeram\OneDrive\Desktop\sweets\src\main\java\com\decisionhub\service\AuthenticationService.java
C:\Users\sreeram\OneDrive\Desktop\sweets\src\main\java\com\decisionhub\service\CommunityService.java
C:\Users\sreeram\OneDrive\Desktop\sweets\src\main\java\com\decisionhub\service\DecisionService.java
C:\Users\sreeram\OneDrive\Desktop\sweets\src\main\java\com\decisionhub\service\EmailService.java
C:\Users\sreeram\OneDrive\Desktop\sweets\src\main\java\com\decisionhub\service\impl\AuditServiceImpl.java
C:\Users\sreeram\OneDrive\Desktop\sweets\src\main\java\com\decisionhub\service\impl\AuthenticationServiceImpl.java
C:\Users\sreeram\OneDrive\Desktop\sweets\src\main\java\com\decisionhub\service\impl\CommunityServiceImpl.java
C:\Users\sreeram\OneDrive\Desktop\sweets\src\main\java\com\decisionhub\service\impl\DecisionServiceImpl.java
C:\Users\sreeram\OneDrive\Desktop\sweets\src\main\java\com\decisionhub\service\impl\EmailServiceImpl.java
C:\Users\sreeram\OneDrive\Desktop\sweets\src\main\java\com\decisionhub\validator\CommunityValidator.java
C:\Users\sreeram\OneDrive\Desktop\sweets\src\main\java\com\decisionhub\validator\DecisionValidator.java
